// Jest Snapshot v1, https://goo.gl/fbAQLP

exports[`<Input /> Snapshots tests should render successfully and match snapshot 1`] = `
<div>
  <div
    class="sc-bcXHqe bRLOeJ"
  >
    <input
      class="sc-gswNZR fbvIkD"
      value=""
    />
    <span
      class="sc-dkrFOg PdUkF"
    />
  </div>
</div>
`;
